// Jest Snapshot v1, https://goo.gl/fbAQLP

exports[`ProductTitle Debe de mostrar el componente correctamente con el titulo 1`] = `
<span
  className="productDescription product-title undefined"
>
  custom product
</span>
`;

exports[`ProductTitle debe de mostrar el componente con el nombre del producto 1`] = `
<div
  className="productCard undefined"
>
  <span
    className="productDescription undefined undefined"
  >
    Coffe Mug - Sin Imagen
  </span>
</div>
`;
